FreelancerExplorer Function Trace Log:
-->CUtfObject::CUtfObject (.\UtfObject.cpp)
-->CUtfObject::SetHardPtEditorMode (.\UtfObject.cpp)
-->CUtfObject::OnSize (.\UtfObject.cpp)
-->CUtfObject::OnSize (.\UtfObject.cpp)
Debug : Open3D: Direct3D = 0x0
 
Debug : Open3D: GetAdapterDisplayMode -> 2560 x 1440 (144Hz)
 
Debug : Open3D: DeviceType = HAL, BackBufferCount = 1
 
-->CUtfObject::SetHardPtEditorMode (.\UtfObject.cpp)
-->CUtfObject::SetModel (.\UtfObject.cpp)
-->CUtfObject::SetHardPtEditorMode (.\UtfObject.cpp)
Error(pFrame != NULL) encountered in CHardCMPView::SetMainFrame (.\HardCMPView.cpp)
Debug : Reset3D: Device = 0x95BA8A0
 
-->CUtfObject::CleanObject (.\UtfObject.cpp)
Debug : Reset3D: Rendering enabled
 
-->CUtfObject::SetHardPtEditorMode (.\UtfObject.cpp)
-->CUtfObject::OnSize (.\UtfObject.cpp)
-->CUtfObject::ReleaseModel (.\UtfObject.cpp)
-->CUtfObject::CleanObject (.\UtfObject.cpp)
-->CUtfObject::LoadNewModel (.\UtfObject.cpp)
-->CUtfObject::InitGeometry (.\UtfObject.cpp)
Debug : InitGeometry started 
-->UTF::UTF (.\UTF.cpp)
-->UTF::Open (.\UTF.cpp)
Debug : Loading UTF 
Debug : E:\Games\Freelancer Game\FL_MOD\DATA\SHIPS\BRETONIA\BR_ELITE\br_alt_elite.cmp 
-->UTF::BuildTree (.\UTF.cpp)
-->UTF::insert_nodes (.\UTF.cpp)
-->UTF::insert_nodes (.\UTF.cpp)
-->UTF::insert_nodes (.\UTF.cpp)
-->UTF::insert_nodes (.\UTF.cpp)
-->UTF::insert_nodes (.\UTF.cpp)
-->UTF::insert_nodes (.\UTF.cpp)
-->UTF::insert_nodes (.\UTF.cpp)
-->UTF::insert_nodes (.\UTF.cpp)
-->UTF::insert_nodes (.\UTF.cpp)
-->UTF::insert_nodes (.\UTF.cpp)
-->UTF::insert_nodes (.\UTF.cpp)
-->UTF::insert_nodes (.\UTF.cpp)
-->UTF::insert_nodes (.\UTF.cpp)
-->UTF::insert_nodes (.\UTF.cpp)
-->UTF::insert_nodes (.\UTF.cpp)
-->UTF::insert_nodes (.\UTF.cpp)
-->UTF::insert_nodes (.\UTF.cpp)
-->UTF::insert_nodes (.\UTF.cpp)
-->UTF::insert_nodes (.\UTF.cpp)
-->UTF::insert_nodes (.\UTF.cpp)
-->UTF::insert_nodes (.\UTF.cpp)
-->UTF::insert_nodes (.\UTF.cpp)
-->UTF::insert_nodes (.\UTF.cpp)
-->UTF::insert_nodes (.\UTF.cpp)
-->UTF::insert_nodes (.\UTF.cpp)
-->UTF::insert_nodes (.\UTF.cpp)
-->UTF::insert_nodes (.\UTF.cpp)
-->UTF::insert_nodes (.\UTF.cpp)
-->UTF::insert_nodes (.\UTF.cpp)
-->UTF::insert_nodes (.\UTF.cpp)
-->UTF::insert_nodes (.\UTF.cpp)
-->UTF::insert_nodes (.\UTF.cpp)
-->UTF::insert_nodes (.\UTF.cpp)
-->UTF::insert_nodes (.\UTF.cpp)
-->UTF::insert_nodes (.\UTF.cpp)
-->UTF::insert_nodes (.\UTF.cpp)
-->UTF::insert_nodes (.\UTF.cpp)
-->UTF::insert_nodes (.\UTF.cpp)
-->UTF::insert_nodes (.\UTF.cpp)
-->UTF::insert_nodes (.\UTF.cpp)
-->UTF::insert_nodes (.\UTF.cpp)
-->UTF::insert_nodes (.\UTF.cpp)
-->UTF::insert_nodes (.\UTF.cpp)
-->UTF::insert_nodes (.\UTF.cpp)
-->UTF::insert_nodes (.\UTF.cpp)
-->UTF::insert_nodes (.\UTF.cpp)
-->UTF::insert_nodes (.\UTF.cpp)
-->UTF::insert_nodes (.\UTF.cpp)
-->UTF::insert_nodes (.\UTF.cpp)
-->UTF::insert_nodes (.\UTF.cpp)
-->UTF::insert_nodes (.\UTF.cpp)
-->UTF::insert_nodes (.\UTF.cpp)
-->UTF::insert_nodes (.\UTF.cpp)
-->UTF::insert_nodes (.\UTF.cpp)
-->UTF::insert_nodes (.\UTF.cpp)
-->UTF::insert_nodes (.\UTF.cpp)
-->UTF::insert_nodes (.\UTF.cpp)
-->UTF::insert_nodes (.\UTF.cpp)
-->UTF::insert_nodes (.\UTF.cpp)
-->UTF::insert_nodes (.\UTF.cpp)
-->UTF::insert_nodes (.\UTF.cpp)
-->UTF::insert_nodes (.\UTF.cpp)
-->UTF::insert_nodes (.\UTF.cpp)
-->UTF::insert_nodes (.\UTF.cpp)
-->UTF::insert_nodes (.\UTF.cpp)
-->UTF::insert_nodes (.\UTF.cpp)
-->UTF::insert_nodes (.\UTF.cpp)
-->UTF::insert_nodes (.\UTF.cpp)
-->UTF::insert_nodes (.\UTF.cpp)
-->UTF::insert_nodes (.\UTF.cpp)
-->UTF::insert_nodes (.\UTF.cpp)
-->UTF::insert_nodes (.\UTF.cpp)
-->UTF::insert_nodes (.\UTF.cpp)
-->UTF::insert_nodes (.\UTF.cpp)
-->UTF::insert_nodes (.\UTF.cpp)
-->UTF::insert_nodes (.\UTF.cpp)
-->UTF::insert_nodes (.\UTF.cpp)
-->UTF::insert_nodes (.\UTF.cpp)
-->UTF::insert_nodes (.\UTF.cpp)
-->UTF::insert_nodes (.\UTF.cpp)
-->UTF::insert_nodes (.\UTF.cpp)
-->UTF::insert_nodes (.\UTF.cpp)
-->UTF::insert_nodes (.\UTF.cpp)
-->UTF::insert_nodes (.\UTF.cpp)
-->UTF::insert_nodes (.\UTF.cpp)
-->UTF::insert_nodes (.\UTF.cpp)
-->UTF::insert_nodes (.\UTF.cpp)
-->UTF::insert_nodes (.\UTF.cpp)
-->UTF::insert_nodes (.\UTF.cpp)
-->UTF::insert_nodes (.\UTF.cpp)
-->UTF::insert_nodes (.\UTF.cpp)
-->UTF::insert_nodes (.\UTF.cpp)
-->UTF::insert_nodes (.\UTF.cpp)
-->UTF::insert_nodes (.\UTF.cpp)
-->UTF::insert_nodes (.\UTF.cpp)
-->UTF::insert_nodes (.\UTF.cpp)
-->UTF::insert_nodes (.\UTF.cpp)
-->UTF::insert_nodes (.\UTF.cpp)
-->UTF::insert_nodes (.\UTF.cpp)
-->UTF::insert_nodes (.\UTF.cpp)
-->UTF::insert_nodes (.\UTF.cpp)
-->UTF::insert_nodes (.\UTF.cpp)
-->UTF::insert_nodes (.\UTF.cpp)
-->UTF::insert_nodes (.\UTF.cpp)
-->UTF::insert_nodes (.\UTF.cpp)
-->UTF::insert_nodes (.\UTF.cpp)
-->UTF::insert_nodes (.\UTF.cpp)
-->UTF::insert_nodes (.\UTF.cpp)
-->UTF::insert_nodes (.\UTF.cpp)
-->UTF::insert_nodes (.\UTF.cpp)
-->UTF::insert_nodes (.\UTF.cpp)
-->UTF::insert_nodes (.\UTF.cpp)
-->UTF::insert_nodes (.\UTF.cpp)
-->UTF::insert_nodes (.\UTF.cpp)
-->UTF::insert_nodes (.\UTF.cpp)
-->UTF::insert_nodes (.\UTF.cpp)
-->UTF::insert_nodes (.\UTF.cpp)
-->UTF::insert_nodes (.\UTF.cpp)
-->UTF::insert_nodes (.\UTF.cpp)
-->UTF::insert_nodes (.\UTF.cpp)
-->UTF::insert_nodes (.\UTF.cpp)
-->UTF::insert_nodes (.\UTF.cpp)
-->UTF::insert_nodes (.\UTF.cpp)
-->UTF::insert_nodes (.\UTF.cpp)
-->UTF::insert_nodes (.\UTF.cpp)
-->UTF::insert_nodes (.\UTF.cpp)
-->UTF::insert_nodes (.\UTF.cpp)
-->UTF::insert_nodes (.\UTF.cpp)
-->UTF::insert_nodes (.\UTF.cpp)
-->UTF::insert_nodes (.\UTF.cpp)
-->UTF::insert_nodes (.\UTF.cpp)
-->UTF::insert_nodes (.\UTF.cpp)
-->UTF::insert_nodes (.\UTF.cpp)
-->UTF::insert_nodes (.\UTF.cpp)
-->UTF::insert_nodes (.\UTF.cpp)
-->UTF::insert_nodes (.\UTF.cpp)
-->UTF::insert_nodes (.\UTF.cpp)
-->UTF::insert_nodes (.\UTF.cpp)
-->UTF::insert_nodes (.\UTF.cpp)
-->UTF::insert_nodes (.\UTF.cpp)
-->UTF::insert_nodes (.\UTF.cpp)
-->UTF::insert_nodes (.\UTF.cpp)
-->UTF::insert_nodes (.\UTF.cpp)
-->UTF::insert_nodes (.\UTF.cpp)
-->UTF::insert_nodes (.\UTF.cpp)
-->UTF::insert_nodes (.\UTF.cpp)
-->UTF::insert_nodes (.\UTF.cpp)
-->UTF::insert_nodes (.\UTF.cpp)
-->UTF::insert_nodes (.\UTF.cpp)
-->UTF::insert_nodes (.\UTF.cpp)
-->UTF::insert_nodes (.\UTF.cpp)
-->UTF::insert_nodes (.\UTF.cpp)
-->UTF::insert_nodes (.\UTF.cpp)
-->UTF::insert_nodes (.\UTF.cpp)
-->UTF::insert_nodes (.\UTF.cpp)
-->UTF::insert_nodes (.\UTF.cpp)
-->UTF::insert_nodes (.\UTF.cpp)
-->UTF::insert_nodes (.\UTF.cpp)
-->UTF::insert_nodes (.\UTF.cpp)
-->UTF::insert_nodes (.\UTF.cpp)
-->UTF::insert_nodes (.\UTF.cpp)
-->UTF::insert_nodes (.\UTF.cpp)
-->UTF::insert_nodes (.\UTF.cpp)
-->UTF::insert_nodes (.\UTF.cpp)
-->UTF::insert_nodes (.\UTF.cpp)
-->UTF::insert_nodes (.\UTF.cpp)
-->UTF::insert_nodes (.\UTF.cpp)
-->UTF::insert_nodes (.\UTF.cpp)
-->UTF::insert_nodes (.\UTF.cpp)
-->UTF::insert_nodes (.\UTF.cpp)
Debug : Loading Texture 
Error(utf!=NULL) encountered in CUtfObject::LoadTextures (.\UtfObject.cpp)
-->UTF::GetNode (.\UTF.cpp)
-->UTF::GetNode (.\UTF.cpp)
-->UTF::GetNode (.\UTF.cpp)
-->UTF::GetChildNodeCount (.\UTF.cpp)
-->UTF::GetChildNodeCount (.\UTF.cpp)
Debug : Texture Loaded 
-->UTF::GetVMeshData (.\UTF.cpp)
-->UTF::GetVMeshDataID (.\UTF.cpp)
-->fl_crc32 (.\UTF.cpp)
-->UTF::GetVMeshData (.\UTF.cpp)
-->UTF::GetVMeshDataID (.\UTF.cpp)
-->fl_crc32 (.\UTF.cpp)
-->UTF::GetVMeshData (.\UTF.cpp)
-->UTF::GetVMeshDataID (.\UTF.cpp)
-->fl_crc32 (.\UTF.cpp)
-->UTF::GetVMeshData (.\UTF.cpp)
-->UTF::GetVMeshDataID (.\UTF.cpp)
-->fl_crc32 (.\UTF.cpp)
-->UTF::GetVMeshData (.\UTF.cpp)
-->UTF::GetVMeshDataID (.\UTF.cpp)
-->fl_crc32 (.\UTF.cpp)
-->UTF::GetVMeshData (.\UTF.cpp)
-->UTF::GetVMeshDataID (.\UTF.cpp)
-->fl_crc32 (.\UTF.cpp)
-->UTF::GetVMeshData (.\UTF.cpp)
Debug : Meshes loaded 
-->UTF::GetFileNameForObject (.\UTF.cpp)
-->UTF::LoadHardPoints (.\UTF.cpp)
-->UTF::GetCRCNameID (.\UTF.cpp)
-->fl_crc32 (.\UTF.cpp)
-->UTF::LoadHardPoint (.\UTF.cpp)
Error((transform!=NULL)&&(angles!=NULL)) encountered in ConvertTransformToAngles (.\Hardpoint.cpp)
-->UTF::GetCRCNameID (.\UTF.cpp)
-->fl_crc32 (.\UTF.cpp)
-->UTF::LoadHardPoint (.\UTF.cpp)
Error((transform!=NULL)&&(angles!=NULL)) encountered in ConvertTransformToAngles (.\Hardpoint.cpp)
-->UTF::GetCRCNameID (.\UTF.cpp)
-->fl_crc32 (.\UTF.cpp)
-->UTF::LoadHardPoint (.\UTF.cpp)
Error((transform!=NULL)&&(angles!=NULL)) encountered in ConvertTransformToAngles (.\Hardpoint.cpp)
-->UTF::GetCRCNameID (.\UTF.cpp)
-->fl_crc32 (.\UTF.cpp)
-->UTF::LoadHardPoint (.\UTF.cpp)
Error((transform!=NULL)&&(angles!=NULL)) encountered in ConvertTransformToAngles (.\Hardpoint.cpp)
-->UTF::GetCRCNameID (.\UTF.cpp)
-->fl_crc32 (.\UTF.cpp)
-->UTF::LoadHardPoint (.\UTF.cpp)
Error((transform!=NULL)&&(angles!=NULL)) encountered in ConvertTransformToAngles (.\Hardpoint.cpp)
-->UTF::GetCRCNameID (.\UTF.cpp)
-->fl_crc32 (.\UTF.cpp)
-->UTF::LoadHardPoint (.\UTF.cpp)
Error((transform!=NULL)&&(angles!=NULL)) encountered in ConvertTransformToAngles (.\Hardpoint.cpp)
-->UTF::GetCRCNameID (.\UTF.cpp)
-->fl_crc32 (.\UTF.cpp)
-->UTF::LoadHardPoint (.\UTF.cpp)
Error((transform!=NULL)&&(angles!=NULL)) encountered in ConvertTransformToAngles (.\Hardpoint.cpp)
-->UTF::GetCRCNameID (.\UTF.cpp)
-->fl_crc32 (.\UTF.cpp)
-->UTF::LoadHardPoint (.\UTF.cpp)
Error((transform!=NULL)&&(angles!=NULL)) encountered in ConvertTransformToAngles (.\Hardpoint.cpp)
-->UTF::GetCRCNameID (.\UTF.cpp)
-->fl_crc32 (.\UTF.cpp)
-->UTF::LoadHardPoint (.\UTF.cpp)
Error((transform!=NULL)&&(angles!=NULL)) encountered in ConvertTransformToAngles (.\Hardpoint.cpp)
-->UTF::GetCRCNameID (.\UTF.cpp)
-->fl_crc32 (.\UTF.cpp)
-->UTF::LoadHardPoint (.\UTF.cpp)
Error((transform!=NULL)&&(angles!=NULL)) encountered in ConvertTransformToAngles (.\Hardpoint.cpp)
-->UTF::GetCRCNameID (.\UTF.cpp)
-->fl_crc32 (.\UTF.cpp)
-->UTF::LoadHardPoint (.\UTF.cpp)
Error((transform!=NULL)&&(angles!=NULL)) encountered in ConvertTransformToAngles (.\Hardpoint.cpp)
-->UTF::GetCRCNameID (.\UTF.cpp)
-->fl_crc32 (.\UTF.cpp)
-->UTF::LoadHardPoint (.\UTF.cpp)
Error((transform!=NULL)&&(angles!=NULL)) encountered in ConvertTransformToAngles (.\Hardpoint.cpp)
-->UTF::GetCRCNameID (.\UTF.cpp)
-->fl_crc32 (.\UTF.cpp)
-->UTF::LoadHardPoint (.\UTF.cpp)
Error((transform!=NULL)&&(angles!=NULL)) encountered in ConvertTransformToAngles (.\Hardpoint.cpp)
-->UTF::GetCRCNameID (.\UTF.cpp)
-->fl_crc32 (.\UTF.cpp)
-->UTF::LoadHardPoint (.\UTF.cpp)
Error((transform!=NULL)&&(angles!=NULL)) encountered in ConvertTransformToAngles (.\Hardpoint.cpp)
-->UTF::GetCRCNameID (.\UTF.cpp)
-->fl_crc32 (.\UTF.cpp)
-->UTF::LoadHardPoint (.\UTF.cpp)
Error((transform!=NULL)&&(angles!=NULL)) encountered in ConvertTransformToAngles (.\Hardpoint.cpp)
-->UTF::GetCRCNameID (.\UTF.cpp)
-->fl_crc32 (.\UTF.cpp)
-->UTF::LoadHardPoint (.\UTF.cpp)
Error((transform!=NULL)&&(angles!=NULL)) encountered in ConvertTransformToAngles (.\Hardpoint.cpp)
-->UTF::GetCRCNameID (.\UTF.cpp)
-->fl_crc32 (.\UTF.cpp)
-->UTF::LoadHardPoint (.\UTF.cpp)
Error((transform!=NULL)&&(angles!=NULL)) encountered in ConvertTransformToAngles (.\Hardpoint.cpp)
-->UTF::GetCRCNameID (.\UTF.cpp)
-->fl_crc32 (.\UTF.cpp)
-->UTF::LoadHardPoint (.\UTF.cpp)
Error((transform!=NULL)&&(angles!=NULL)) encountered in ConvertTransformToAngles (.\Hardpoint.cpp)
-->UTF::GetCRCNameID (.\UTF.cpp)
-->fl_crc32 (.\UTF.cpp)
-->UTF::LoadHardPoint (.\UTF.cpp)
Error((transform!=NULL)&&(angles!=NULL)) encountered in ConvertTransformToAngles (.\Hardpoint.cpp)
-->UTF::GetCRCNameID (.\UTF.cpp)
-->fl_crc32 (.\UTF.cpp)
-->UTF::LoadHardPoint (.\UTF.cpp)
Error((transform!=NULL)&&(angles!=NULL)) encountered in ConvertTransformToAngles (.\Hardpoint.cpp)
-->UTF::GetCRCNameID (.\UTF.cpp)
-->fl_crc32 (.\UTF.cpp)
-->UTF::LoadHardPoint (.\UTF.cpp)
Error((transform!=NULL)&&(angles!=NULL)) encountered in ConvertTransformToAngles (.\Hardpoint.cpp)
-->UTF::GetCRCNameID (.\UTF.cpp)
-->fl_crc32 (.\UTF.cpp)
-->UTF::LoadHardPoint (.\UTF.cpp)
Error((transform!=NULL)&&(angles!=NULL)) encountered in ConvertTransformToAngles (.\Hardpoint.cpp)
-->UTF::GetCRCNameID (.\UTF.cpp)
-->fl_crc32 (.\UTF.cpp)
-->UTF::LoadHardPoint (.\UTF.cpp)
Error((transform!=NULL)&&(angles!=NULL)) encountered in ConvertTransformToAngles (.\Hardpoint.cpp)
-->UTF::GetCRCNameID (.\UTF.cpp)
-->fl_crc32 (.\UTF.cpp)
-->UTF::LoadHardPoint (.\UTF.cpp)
Error((transform!=NULL)&&(angles!=NULL)) encountered in ConvertTransformToAngles (.\Hardpoint.cpp)
-->UTF::GetCRCNameID (.\UTF.cpp)
-->fl_crc32 (.\UTF.cpp)
-->UTF::LoadHardPoint (.\UTF.cpp)
Error((transform!=NULL)&&(angles!=NULL)) encountered in ConvertTransformToAngles (.\Hardpoint.cpp)
-->UTF::GetCRCNameID (.\UTF.cpp)
-->fl_crc32 (.\UTF.cpp)
-->UTF::LoadHardPoint (.\UTF.cpp)
Error((transform!=NULL)&&(angles!=NULL)) encountered in ConvertTransformToAngles (.\Hardpoint.cpp)
-->UTF::GetCRCNameID (.\UTF.cpp)
-->fl_crc32 (.\UTF.cpp)
-->UTF::LoadHardPoint (.\UTF.cpp)
Error((transform!=NULL)&&(angles!=NULL)) encountered in ConvertTransformToAngles (.\Hardpoint.cpp)
-->UTF::GetCRCNameID (.\UTF.cpp)
-->fl_crc32 (.\UTF.cpp)
-->UTF::LoadHardPoint (.\UTF.cpp)
Error((transform!=NULL)&&(angles!=NULL)) encountered in ConvertTransformToAngles (.\Hardpoint.cpp)
-->UTF::GetCRCNameID (.\UTF.cpp)
-->fl_crc32 (.\UTF.cpp)
-->UTF::LoadRevoluteHardPoint (.\UTF.cpp)
-->UTF::LoadHardPoint (.\UTF.cpp)
Error((transform!=NULL)&&(angles!=NULL)) encountered in ConvertTransformToAngles (.\Hardpoint.cpp)
-->UTF::GetCRCNameID (.\UTF.cpp)
-->fl_crc32 (.\UTF.cpp)
-->UTF::LoadRevoluteHardPoint (.\UTF.cpp)
-->UTF::LoadHardPoint (.\UTF.cpp)
Error((transform!=NULL)&&(angles!=NULL)) encountered in ConvertTransformToAngles (.\Hardpoint.cpp)
-->UTF::GetCRCNameID (.\UTF.cpp)
-->fl_crc32 (.\UTF.cpp)
-->UTF::LoadRevoluteHardPoint (.\UTF.cpp)
-->UTF::LoadHardPoint (.\UTF.cpp)
Error((transform!=NULL)&&(angles!=NULL)) encountered in ConvertTransformToAngles (.\Hardpoint.cpp)
-->UTF::GetCRCNameID (.\UTF.cpp)
-->fl_crc32 (.\UTF.cpp)
-->UTF::LoadRevoluteHardPoint (.\UTF.cpp)
-->UTF::LoadHardPoint (.\UTF.cpp)
Error((transform!=NULL)&&(angles!=NULL)) encountered in ConvertTransformToAngles (.\Hardpoint.cpp)
-->UTF::GetCRCNameID (.\UTF.cpp)
-->fl_crc32 (.\UTF.cpp)
-->UTF::LoadRevoluteHardPoint (.\UTF.cpp)
-->UTF::LoadHardPoint (.\UTF.cpp)
Error((transform!=NULL)&&(angles!=NULL)) encountered in ConvertTransformToAngles (.\Hardpoint.cpp)
Debug : Hardpoints loaded 
-->UTF::GetMeshRef (.\UTF.cpp)
-->UTF::GetDataFromChild (.\UTF.cpp)
Debug : Loading Fix 
-->UTF::GetDataSizeFromChild (.\UTF.cpp)
-->UTF::GetFileNameForObject (.\UTF.cpp)
-->UTF::GetFileNameForObject (.\UTF.cpp)
-->UTF::GetFileNameForObject (.\UTF.cpp)
-->UTF::GetFileNameForObject (.\UTF.cpp)
-->UTF::GetMeshRef (.\UTF.cpp)
-->UTF::LoadHardPoints (.\UTF.cpp)
-->UTF::GetCRCNameID (.\UTF.cpp)
-->fl_crc32 (.\UTF.cpp)
-->UTF::LoadHardPoint (.\UTF.cpp)
Error((transform!=NULL)&&(angles!=NULL)) encountered in ConvertTransformToAngles (.\Hardpoint.cpp)
-->UTF::GetCRCNameID (.\UTF.cpp)
-->fl_crc32 (.\UTF.cpp)
-->UTF::LoadHardPoint (.\UTF.cpp)
Error((transform!=NULL)&&(angles!=NULL)) encountered in ConvertTransformToAngles (.\Hardpoint.cpp)
-->UTF::GetMeshRef (.\UTF.cpp)
-->UTF::LoadHardPoints (.\UTF.cpp)
-->UTF::GetCRCNameID (.\UTF.cpp)
-->fl_crc32 (.\UTF.cpp)
-->UTF::LoadHardPoint (.\UTF.cpp)
Error((transform!=NULL)&&(angles!=NULL)) encountered in ConvertTransformToAngles (.\Hardpoint.cpp)
-->UTF::GetCRCNameID (.\UTF.cpp)
-->fl_crc32 (.\UTF.cpp)
-->UTF::LoadHardPoint (.\UTF.cpp)
Error((transform!=NULL)&&(angles!=NULL)) encountered in ConvertTransformToAngles (.\Hardpoint.cpp)
-->UTF::GetCRCNameID (.\UTF.cpp)
-->fl_crc32 (.\UTF.cpp)
-->UTF::LoadHardPoint (.\UTF.cpp)
Error((transform!=NULL)&&(angles!=NULL)) encountered in ConvertTransformToAngles (.\Hardpoint.cpp)
-->UTF::GetCRCNameID (.\UTF.cpp)
-->fl_crc32 (.\UTF.cpp)
-->UTF::LoadHardPoint (.\UTF.cpp)
Error((transform!=NULL)&&(angles!=NULL)) encountered in ConvertTransformToAngles (.\Hardpoint.cpp)
-->UTF::GetCRCNameID (.\UTF.cpp)
-->fl_crc32 (.\UTF.cpp)
-->UTF::LoadHardPoint (.\UTF.cpp)
Error((transform!=NULL)&&(angles!=NULL)) encountered in ConvertTransformToAngles (.\Hardpoint.cpp)
-->UTF::GetCRCNameID (.\UTF.cpp)
-->fl_crc32 (.\UTF.cpp)
-->UTF::LoadHardPoint (.\UTF.cpp)
Error((transform!=NULL)&&(angles!=NULL)) encountered in ConvertTransformToAngles (.\Hardpoint.cpp)
-->UTF::GetMeshRef (.\UTF.cpp)
-->UTF::LoadHardPoints (.\UTF.cpp)
-->UTF::GetCRCNameID (.\UTF.cpp)
-->fl_crc32 (.\UTF.cpp)
-->UTF::LoadHardPoint (.\UTF.cpp)
Error((transform!=NULL)&&(angles!=NULL)) encountered in ConvertTransformToAngles (.\Hardpoint.cpp)
-->UTF::GetCRCNameID (.\UTF.cpp)
-->fl_crc32 (.\UTF.cpp)
-->UTF::LoadHardPoint (.\UTF.cpp)
Error((transform!=NULL)&&(angles!=NULL)) encountered in ConvertTransformToAngles (.\Hardpoint.cpp)
-->UTF::GetCRCNameID (.\UTF.cpp)
-->fl_crc32 (.\UTF.cpp)
-->UTF::LoadHardPoint (.\UTF.cpp)
Error((transform!=NULL)&&(angles!=NULL)) encountered in ConvertTransformToAngles (.\Hardpoint.cpp)
-->UTF::GetMeshRef (.\UTF.cpp)
-->UTF::LoadHardPoints (.\UTF.cpp)
-->UTF::GetDataFromChild (.\UTF.cpp)
Debug : Loading Pris 
-->UTF::GetDataSizeFromChild (.\UTF.cpp)
-->UTF::GetFileNameForObject (.\UTF.cpp)
-->UTF::GetFileNameForObject (.\UTF.cpp)
-->UTF::GetMeshRef (.\UTF.cpp)
-->UTF::LoadHardPoints (.\UTF.cpp)
-->UTF::GetCRCNameID (.\UTF.cpp)
-->fl_crc32 (.\UTF.cpp)
-->UTF::LoadHardPoint (.\UTF.cpp)
Error((transform!=NULL)&&(angles!=NULL)) encountered in ConvertTransformToAngles (.\Hardpoint.cpp)
-->UTF::GetCRCNameID (.\UTF.cpp)
-->fl_crc32 (.\UTF.cpp)
-->UTF::LoadHardPoint (.\UTF.cpp)
Error((transform!=NULL)&&(angles!=NULL)) encountered in ConvertTransformToAngles (.\Hardpoint.cpp)
-->UTF::GetCRCNameID (.\UTF.cpp)
-->fl_crc32 (.\UTF.cpp)
-->UTF::LoadRevoluteHardPoint (.\UTF.cpp)
-->UTF::LoadHardPoint (.\UTF.cpp)
Error((transform!=NULL)&&(angles!=NULL)) encountered in ConvertTransformToAngles (.\Hardpoint.cpp)
-->UTF::GetMeshRef (.\UTF.cpp)
-->UTF::LoadHardPoints (.\UTF.cpp)
-->UTF::GetCRCNameID (.\UTF.cpp)
-->fl_crc32 (.\UTF.cpp)
-->UTF::LoadHardPoint (.\UTF.cpp)
Error((transform!=NULL)&&(angles!=NULL)) encountered in ConvertTransformToAngles (.\Hardpoint.cpp)
-->UTF::GetCRCNameID (.\UTF.cpp)
-->fl_crc32 (.\UTF.cpp)
-->UTF::LoadHardPoint (.\UTF.cpp)
Error((transform!=NULL)&&(angles!=NULL)) encountered in ConvertTransformToAngles (.\Hardpoint.cpp)
-->UTF::GetCRCNameID (.\UTF.cpp)
-->fl_crc32 (.\UTF.cpp)
-->UTF::LoadRevoluteHardPoint (.\UTF.cpp)
-->UTF::LoadHardPoint (.\UTF.cpp)
Error((transform!=NULL)&&(angles!=NULL)) encountered in ConvertTransformToAngles (.\Hardpoint.cpp)
-->UTF::GetDataFromChild (.\UTF.cpp)
Debug : Loading Rev 
-->UTF::GetDataSizeFromChild (.\UTF.cpp)
-->UTF::GetFileNameForObject (.\UTF.cpp)
-->UTF::GetFileNameForObject (.\UTF.cpp)
-->UTF::GetFileNameForObject (.\UTF.cpp)
-->UTF::GetFileNameForObject (.\UTF.cpp)
-->UTF::GetMeshRef (.\UTF.cpp)
